Removed Pin From Net: NetName=GND Pin=C7-1
Removed Pin From Net: NetName=GND Pin=C8-1
Removed Pin From Net: NetName=3.3V Pin=J1-2
Removed Pin From Net: NetName=3.3V Pin=J5-2
Removed Pin From Net: NetName=3.3V Pin=U1-1
Removed Pin From Net: NetName=NetC5_2 Pin=U1-7
Removed Pin From Net: NetName=GND Pin=U1-8
Removed Pin From Net: NetName=3.3V Pin=U1-9
Removed Pin From Net: NetName=NetR11_2 Pin=U1-10
Removed Pin From Net: NetName=NetR1_1 Pin=U1-11
Removed Pin From Net: NetName=NetR2_1 Pin=U1-12
Removed Pin From Net: NetName=NetR3_1 Pin=U1-13
Removed Pin From Net: NetName=NetC6_2 Pin=U1-19
Removed Pin From Net: NetName=GND Pin=U1-23
Removed Pin From Net: NetName=3.3V Pin=U1-24
Removed Pin From Net: NetName=NetDP1_5 Pin=U1-25
Removed Pin From Net: NetName=NetDP1_6 Pin=U1-26
Removed Pin From Net: NetName=NetDP1_7 Pin=U1-27
Removed Pin From Net: NetName=NetDP1_8 Pin=U1-28
Removed Pin From Net: NetName=NetJ10_3 Pin=U1-33
Removed Pin From Net: NetName=NetJ9_3 Pin=U1-34
Removed Pin From Net: NetName=GND Pin=U1-35
Removed Pin From Net: NetName=3.3V Pin=U1-36
Removed Pin From Net: NetName=NetJ9_2 Pin=U1-37
Removed Pin From Net: NetName=NetJ4_3 Pin=U1-38
Removed Pin From Net: NetName=NetJ3_3 Pin=U1-39
Removed Pin From Net: NetName=NetJ7_3 Pin=U1-40
Removed Pin From Net: NetName=NetJ1_3 Pin=U1-41
Removed Pin From Net: NetName=NetJ5_3 Pin=U1-42
Removed Pin From Net: NetName=NetJ2_3 Pin=U1-43
Removed Pin From Net: NetName=NetJP3_A Pin=U1-44
Removed Pin From Net: NetName=NetJ6_3 Pin=U1-45
Removed Pin From Net: NetName=NetJ8_3 Pin=U1-46
Removed Pin From Net: NetName=GND Pin=U1-47
Removed Pin From Net: NetName=3.3V Pin=U1-48
Removed Member From Class: ClassName=LOGIC Member=C7
Removed Member From Class: ClassName=LOGIC Member=C8
Removed Member From Class: ClassName=LOGIC Member=R5
Removed Member From Class: ClassName=LOGIC Member=U1
Add Component: Footprint Not Found JUMPER 2 PADS
Added Component: Designator=U?(TQFP-32)
Add component (AddParameter): Name = "Case/Package"; Value = "A"; VariantName = "[No Variations]"
Add component (AddParameter): Name = "Category"; Value = "Microcontrollers"; VariantName = "[No Variations]"
Add component (AddParameter): Name = "Core Architecture"; Value = "AVR"; VariantName = "[No Variations]"
Add component (AddParameter): Name = "Data Bus Width"; Value = "8b"; VariantName = "[No Variations]"
Add component (AddParameter): Name = "Frequency"; Value = "20MHz"; VariantName = "[No Variations]"
Add component (AddParameter): Name = "Height"; Value = "1mm"; VariantName = "[No Variations]"
Add component (AddParameter): Name = "Interface"; Value = "I2C,SPI,USART"; VariantName = "[No Variations]"
Add component (AddParameter): Name = "Lead Free"; Value = "Lead Free"; VariantName = "[No Variations]"
Add component (AddParameter): Name = "Length"; Value = "7mm"; VariantName = "[No Variations]"
Add component (AddParameter): Name = "Manufacturer"; Value = "Microchip"; VariantName = "[No Variations]"
Add component (AddParameter): Name = "Manufacturer Part Number"; Value = "ATMEGA328P-AU"; VariantName = "[No Variations]"
Add component (AddParameter): Name = "Max Frequency"; Value = "20MHz"; VariantName = "[No Variations]"
Add component (AddParameter): Name = "Max Operating Temperature"; Value = "85°C"; VariantName = "[No Variations]"
Add component (AddParameter): Name = "Max Supply Voltage"; Value = "5.5V"; VariantName = "[No Variations]"
Add component (AddParameter): Name = "Memory Size"; Value = "32KB"; VariantName = "[No Variations]"
Add component (AddParameter): Name = "Memory Type"; Value = "FLASH"; VariantName = "[No Variations]"
Add component (AddParameter): Name = "Min Operating Temperature"; Value = "-40°C"; VariantName = "[No Variations]"
Add component (AddParameter): Name = "Min Supply Voltage"; Value = "1.8V"; VariantName = "[No Variations]"
Add component (AddParameter): Name = "Mount"; Value = "Surface Mount"; VariantName = "[No Variations]"
Add component (AddParameter): Name = "Number of A/D Converters"; Value = "1"; VariantName = "[No Variations]"
Add component (AddParameter): Name = "Number of ADC Channels"; Value = "8"; VariantName = "[No Variations]"
Add component (AddParameter): Name = "Number of I2C Channels"; Value = "1"; VariantName = "[No Variations]"
Add component (AddParameter): Name = "Number of I/Os"; Value = "23"; VariantName = "[No Variations]"
Add component (AddParameter): Name = "Number of Pins"; Value = "32"; VariantName = "[No Variations]"
Add component (AddParameter): Name = "Number of Programmable I/O"; Value = "23"; VariantName = "[No Variations]"
Add component (AddParameter): Name = "Number of PWM Channels"; Value = "6"; VariantName = "[No Variations]"
Add component (AddParameter): Name = "Number of SPI Channels"; Value = "1"; VariantName = "[No Variations]"
Add component (AddParameter): Name = "Number of Timers/Counters"; Value = "3"; VariantName = "[No Variations]"
Add component (AddParameter): Name = "Oscillator Type"; Value = "Internal"; VariantName = "[No Variations]"
Add component (AddParameter): Name = "Package Quantity"; Value = "250"; VariantName = "[No Variations]"
Add component (AddParameter): Name = "Packaging"; Value = "Tray"; VariantName = "[No Variations]"
Add component (AddParameter): Name = "Peripherals"; Value = "Brown-out Detect/Reset,POR,PWM,WDT"; VariantName = "[No Variations]"
Add component (AddParameter): Name = "Pricing 2"; Value = "1=2.66, 10=2.66, 50=2.44, 100=2.2, 1000=2.2, 10000=2.2 (USD)"; VariantName = "[No Variations]"
Add component (AddParameter): Name = "Radiation Hardening"; Value = "No"; VariantName = "[No Variations]"
Add component (AddParameter): Name = "RAM Size"; Value = "2KB"; VariantName = "[No Variations]"
Add component (AddParameter): Name = "Reach SVHC Compliant"; Value = "Yes"; VariantName = "[No Variations]"
Add component (AddParameter): Name = "RoHS"; Value = "Yes"; VariantName = "[No Variations]"
Add component (AddParameter): Name = "RoHS Compliant"; Value = "Yes"; VariantName = "[No Variations]"
Add component (AddParameter): Name = "Series"; Value = "ATmega328P"; VariantName = "[No Variations]"
Add component (AddParameter): Name = "Stock 2"; Value = "19185"; VariantName = "[No Variations]"
Add component (AddParameter): Name = "Supplier 1"; Value = "Mouser"; VariantName = "[No Variations]"
Add component (AddParameter): Name = "Supplier 2"; Value = "Mouser"; VariantName = "[No Variations]"
Add component (AddParameter): Name = "Watchdog Timer"; Value = "Yes"; VariantName = "[No Variations]"
Add component (AddParameter): Name = "Weight"; Value = "0.002469oz"; VariantName = "[No Variations]"
Add component (AddParameter): Name = "Width"; Value = "7mm"; VariantName = "[No Variations]"
Added Pin To Net: NetName=5V Pin=J1-2
Added Pin To Net: NetName=5V Pin=J2-2
Added Pin To Net: NetName=5V Pin=J3-2
Added Pin To Net: NetName=5V Pin=J5-2
Added Pin To Net: NetName=5V Pin=J6-2
Added Pin To Net: NetName=5V Pin=J7-2
Add Pin To Net: Unknown Pin: Pin JP3-1
Add Pin To Net: Unknown Pin: Pin JP3-2
Add Pin To Net: Unknown Pin: Pin MH1-5
Add Pin To Net: Unknown Pin: Pin MH2-5
Add Pin To Net: Unknown Pin: Pin MH3-5
Add Pin To Net: Unknown Pin: Pin MH4-5
Added Pin To Net: NetName=NetU3_2 Pin=U3-2
Added Net: Name=NetU3_2
Added Pin To Net: NetName=NetU3_3 Pin=U3-3
Added Net: Name=NetU3_3
Added Pin To Net: NetName=NetU5_2 Pin=U5-2
Added Net: Name=NetU5_2
Added Pin To Net: NetName=NetU5_3 Pin=U5-3
Added Net: Name=NetU5_3
Add Class Member: Failed to add class member : Component JP3 BOOT0
Added Member To Class: ClassName=LOGIC Member=Component U? ATMEGA328P-AU
