Removed Pin From Net: NetName=5V Pin=C9-2
Removed Pin From Net: NetName=5V Pin=C10-2
Removed Pin From Net: NetName=5V Pin=D3-1
Removed Pin From Net: NetName=VUSB Pin=D3-2
Removed Pin From Net: NetName=5V Pin=L1-2
Removed Pin From Net: NetName=5V Pin=R7-2
Removed Member From Class: ClassName=LOGIC Member=D3
Added Component: Designator=D?(SOD-123)
Add component (AddParameter): Name = "Average Rectified Current"; Value = "1A"; VariantName = "[No Variations]"
Add component (AddParameter): Name = "Case/Package"; Value = "SOD"; VariantName = "[No Variations]"
Add component (AddParameter): Name = "Category"; Value = "Schottky Diodes"; VariantName = "[No Variations]"
Add component (AddParameter): Name = "China RoHS"; Value = "Non-Compliant"; VariantName = "[No Variations]"
Add component (AddParameter): Name = "ComponentLink1Description"; Value = "https://datasheet.octopart.com:443/MBR120LSFT1G-ON-Semiconductor-datasheet-37114088.pdf?src-supplier=Newark"; VariantName = "[No Variations]"
Add component (AddParameter): Name = "ComponentLink1URL"; Value = "https://datasheet.octopart.com:443/MBR120LSFT1G-ON-Semiconductor-datasheet-37114088.pdf?src-supplier=Newark"; VariantName = "[No Variations]"
Add component (AddParameter): Name = "ComponentLink2Description"; Value = "https://datasheet.octopart.com:443/MBR120LSFT1G-onsemi-datasheet-181959027.pdf?src-supplier=Newark"; VariantName = "[No Variations]"
Add component (AddParameter): Name = "ComponentLink2URL"; Value = "https://datasheet.octopart.com:443/MBR120LSFT1G-onsemi-datasheet-181959027.pdf?src-supplier=Newark"; VariantName = "[No Variations]"
Add component (AddParameter): Name = "ComponentLink3Description"; Value = "https://datasheet.octopart.com:443/MBR120LSFT1G-onsemi-datasheet-180961601.pdf?src-supplier=IHS"; VariantName = "[No Variations]"
Add component (AddParameter): Name = "ComponentLink3URL"; Value = "https://datasheet.octopart.com:443/MBR120LSFT1G-onsemi-datasheet-180961601.pdf?src-supplier=IHS"; VariantName = "[No Variations]"
Add component (AddParameter): Name = "ComponentLink4Description"; Value = "https://datasheet.octopart.com:443/MBR120LSFT1G-ON-Semiconductor-datasheet-11730539.pdf?src-supplier=onsemi"; VariantName = "[No Variations]"
Add component (AddParameter): Name = "ComponentLink4URL"; Value = "https://datasheet.octopart.com:443/MBR120LSFT1G-ON-Semiconductor-datasheet-11730539.pdf?src-supplier=onsemi"; VariantName = "[No Variations]"
Add component (AddParameter): Name = "ComponentLink5Description"; Value = "https://datasheet.octopart.com:443/MBR120LSFT1G-onsemi-datasheet-189129223.pdf?src-supplier=Master+Electronics"; VariantName = "[No Variations]"
Add component (AddParameter): Name = "ComponentLink5URL"; Value = "https://datasheet.octopart.com:443/MBR120LSFT1G-onsemi-datasheet-189129223.pdf?src-supplier=Master+Electronics"; VariantName = "[No Variations]"
Add component (AddParameter): Name = "ComponentLink6Description"; Value = "https://datasheet.octopart.com:443/MBR120LSFT1G-ON-Semiconductor-datasheet-14054996.pdf?src-supplier=iiiC"; VariantName = "[No Variations]"
Add component (AddParameter): Name = "ComponentLink6URL"; Value = "https://datasheet.octopart.com:443/MBR120LSFT1G-ON-Semiconductor-datasheet-14054996.pdf?src-supplier=iiiC"; VariantName = "[No Variations]"
Add component (AddParameter): Name = "ComponentLink7Description"; Value = "https://datasheet.octopart.com:443/MBR120LSFT1G-ON-Semiconductor-datasheet-9696420.pdf?src-supplier=RS+(Formerly+Allied+Electronics)"; VariantName = "[No Variations]"
Add component (AddParameter): Name = "ComponentLink7URL"; Value = "https://datasheet.octopart.com:443/MBR120LSFT1G-ON-Semiconductor-datasheet-9696420.pdf?src-supplier=RS+(Formerly+Allied+Electronics)"; VariantName = "[No Variations]"
Add component (AddParameter): Name = "ComponentLink8Description"; Value = "https://datasheet.octopart.com:443/MBR120LSFT1G-ON-Semiconductor-datasheet-7627526.pdf?src-supplier=Farnell"; VariantName = "[No Variations]"
Add component (AddParameter): Name = "ComponentLink8URL"; Value = "https://datasheet.octopart.com:443/MBR120LSFT1G-ON-Semiconductor-datasheet-7627526.pdf?src-supplier=Farnell"; VariantName = "[No Variations]"
Add component (AddParameter): Name = "ComponentLink9Description"; Value = "http://sigma.octopart.com:80/15540786/rohs_certificate/ON-Semiconductor-MBR120LSFT1G.pdf?src-supplier=Compliance+Statements"; VariantName = "[No Variations]"
Add component (AddParameter): Name = "ComponentLink9URL"; Value = "http://sigma.octopart.com:80/15540786/rohs_certificate/ON-Semiconductor-MBR120LSFT1G.pdf?src-supplier=Compliance+Statements"; VariantName = "[No Variations]"
Add component (AddParameter): Name = "ComponentLink10Description"; Value = "http://sigma.octopart.com:80/15677548/materials_sheet/ON-Semiconductor-MBR120LSFT1G.csv?src-supplier=Compliance+Statements"; VariantName = "[No Variations]"
Add component (AddParameter): Name = "ComponentLink10URL"; Value = "http://sigma.octopart.com:80/15677548/materials_sheet/ON-Semiconductor-MBR120LSFT1G.csv?src-supplier=Compliance+Statements"; VariantName = "[No Variations]"
Add component (AddParameter): Name = "ComponentLink11Description"; Value = "http://sigma.octopart.com:80/150613994/rohs_statement/ON-Semiconductor-MBR120LSFT1G.pdf?src-supplier=Compliance+Statements"; VariantName = "[No Variations]"
Add component (AddParameter): Name = "ComponentLink11URL"; Value = "http://sigma.octopart.com:80/150613994/rohs_statement/ON-Semiconductor-MBR120LSFT1G.pdf?src-supplier=Compliance+Statements"; VariantName = "[No Variations]"
Add component (AddParameter): Name = "ComponentLink12Description"; Value = "http://sigma.octopart.com:80/reach_statement/ON-Semiconductor-company-79.pdf?src-supplier=Compliance+Statements"; VariantName = "[No Variations]"
Add component (AddParameter): Name = "ComponentLink12URL"; Value = "http://sigma.octopart.com:80/reach_statement/ON-Semiconductor-company-79.pdf?src-supplier=Compliance+Statements"; VariantName = "[No Variations]"
Add component (AddParameter): Name = "ComponentLink13Description"; Value = "https://octopart.com:443/opatz8j6/c1?t=2ICm1KeR9lqrV-9whfkRA44D3hFx6PDn5_A0MNxFaUdO4o5v_qbxEQPqTntcuO9N9I3hBniUpCqfMINp71cVvkdTpURQmko4dTX9rqde5Cf3VpgdAg3K1o248i4HBmP2_Tqq0p1F2ZkX7mjILE2AnxaiCcHqPARINWibdNJrEXxGnKJ2LOOWxijYCJAy5qO9kqDGptRk1NR4nN1jM9RzpulMHVN6BX3o5gIy6SSuhGuPyfLXACdfid-I2n-Y79NBPAbqEzQ3NwqY6QVlWxJCXx6kK7Q54A-YGddcguNVCHVmu2SuXJWcng26o0vyuol0iwIubwc4zHmzf-HtHLnuieEvTO6SMEg9_DpQOA&src-supplier=Compliance+Statements"; VariantName = "[No Variations]"
Add component (AddParameter): Name = "ComponentLink13URL"; Value = "https://octopart.com:443/opatz8j6/c1?t=2ICm1KeR9lqrV-9whfkRA44D3hFx6PDn5_A0MNxFaUdO4o5v_qbxEQPqTntcuO9N9I3hBniUpCqfMINp71cVvkdTpURQmko4dTX9rqde5Cf3VpgdAg3K1o248i4HBmP2_Tqq0p1F2ZkX7mjILE2AnxaiCcHqPARINWibdNJrEXxGnKJ2LOOWxijYCJAy5qO9kqDGptRk1NR4nN1jM9RzpulMHVN6BX3o5gIy6SSuhGuPyfLXACdfid-I2n-Y79NBPAbqEzQ3NwqY6QVlWxJCXx6kK7Q54A-YGddcguNVCHVmu2SuXJWcng26o0vyuol0iwIubwc4zHmzf-HtHLnuieEvTO6SMEg9_DpQOA&src-supplier=Compliance+Statements"; VariantName = "[No Variations]"
Add component (AddParameter): Name = "ComponentLink14Description"; Value = "https://octopart.com:443/opatz8j6/c1?t=zeIKbDt2eKZzl5z0s2d0QXLtLt33CcwbWtIpUrrxX6AQ_NOZh8tXX2U6z3WNFk5ZgTTYPjrCGpkSHdRB9hEcX87d4aeyW43j9K4kV5xXxBI5dhp4Lp7JiTCGRllsIHUnkxjzaeeOuBUZnKdin1SUBQLJjMUCP331XZ_QTEPzaJ02iVbVtCio5r30wRQ6LXHyGXZLbm5qxXfvPbzngscoaQnjezbRah5IcHlnvDuzP48aZQf0lCBqBb6eZNAZu8QrR18-Tx1o75ATaRdDtsuZ1RvJ9-ZJ7qCUmOCGYE99BFGUz1ssMVvNlkohtdnTs6H-XEVN_lX6IKEVYNHLhYTSqeOaaX24JdcNZXKJ5Gs&src-supplier=Compliance+Statements"; VariantName = "[No Variations]"
Add component (AddParameter): Name = "ComponentLink14URL"; Value = "https://octopart.com:443/opatz8j6/c1?t=zeIKbDt2eKZzl5z0s2d0QXLtLt33CcwbWtIpUrrxX6AQ_NOZh8tXX2U6z3WNFk5ZgTTYPjrCGpkSHdRB9hEcX87d4aeyW43j9K4kV5xXxBI5dhp4Lp7JiTCGRllsIHUnkxjzaeeOuBUZnKdin1SUBQLJjMUCP331XZ_QTEPzaJ02iVbVtCio5r30wRQ6LXHyGXZLbm5qxXfvPbzngscoaQnjezbRah5IcHlnvDuzP48aZQf0lCBqBb6eZNAZu8QrR18-Tx1o75ATaRdDtsuZ1RvJ9-ZJ7qCUmOCGYE99BFGUz1ssMVvNlkohtdnTs6H-XEVN_lX6IKEVYNHLhYTSqeOaaX24JdcNZXKJ5Gs&src-supplier=Compliance+Statements"; VariantName = "[No Variations]"
Add component (AddParameter): Name = "Contact Plating"; Value = "Tin"; VariantName = "[No Variations]"
Add component (AddParameter): Name = "Country of Origin"; Value = "Malaysia"; VariantName = "[No Variations]"
Add component (AddParameter): Name = "Current Rating"; Value = "1A"; VariantName = "[No Variations]"
Add component (AddParameter): Name = "Description 1"; Value = "Rectifier Diode Schottky Si 20V 1A 2-Pin SOD-123FL T/R / DIODE SCHOTTKY 20V 1A SOD123L"; VariantName = "[No Variations]"
Add component (AddParameter): Name = "Element Configuration"; Value = "Single"; VariantName = "[No Variations]"
Add component (AddParameter): Name = "Export Control Classification Number (ECCN) Code"; Value = "EAR99"; VariantName = "[No Variations]"
Add component (AddParameter): Name = "Forward Current"; Value = "1A"; VariantName = "[No Variations]"
Add component (AddParameter): Name = "Forward Voltage"; Value = "260mV"; VariantName = "[No Variations]"
Add component (AddParameter): Name = "Halogen Free"; Value = "Halogen Free"; VariantName = "[No Variations]"
Add component (AddParameter): Name = "Harmonized Tariff Schedule (HTS) Code"; Value = "8541.10.00.80"; VariantName = "[No Variations]"
Add component (AddParameter): Name = "Height"; Value = "880µm"; VariantName = "[No Variations]"
Add component (AddParameter): Name = "Introduction Date"; Value = "2002-10-09"; VariantName = "[No Variations]"
Add component (AddParameter): Name = "Lead Free"; Value = "Lead Free"; VariantName = "[No Variations]"
Add component (AddParameter): Name = "Length"; Value = "2.9mm"; VariantName = "[No Variations]"
Add component (AddParameter): Name = "Lifecycle Status"; Value = "Production"; VariantName = "[No Variations]"
Add component (AddParameter): Name = "Manufacturer 1"; Value = "onsemi"; VariantName = "[No Variations]"
Add component (AddParameter): Name = "Manufacturer Lifecycle Status"; Value = "ACTIVE"; VariantName = "[No Variations]"
Add component (AddParameter): Name = "Manufacturer Part Number"; Value = "MBR120LSFT1G"; VariantName = "[No Variations]"
Add component (AddParameter): Name = "Max Forward Surge Current (Ifsm)"; Value = "50A"; VariantName = "[No Variations]"
Add component (AddParameter): Name = "Max Operating Temperature"; Value = "125°C"; VariantName = "[No Variations]"
Add component (AddParameter): Name = "Max Output Current"; Value = "1A"; VariantName = "[No Variations]"
Add component (AddParameter): Name = "Max Repetitive Reverse Voltage (Vrrm)"; Value = "20V"; VariantName = "[No Variations]"
Add component (AddParameter): Name = "Max Reverse Leakage Current"; Value = "400µA"; VariantName = "[No Variations]"
Add component (AddParameter): Name = "Max Reverse Voltage (DC)"; Value = "20V"; VariantName = "[No Variations]"
Add component (AddParameter): Name = "Max Surge Current"; Value = "50A"; VariantName = "[No Variations]"
Add component (AddParameter): Name = "Min Operating Temperature"; Value = "-55°C"; VariantName = "[No Variations]"
Add component (AddParameter): Name = "Number of Elements"; Value = "1"; VariantName = "[No Variations]"
Add component (AddParameter): Name = "Number of Pins"; Value = "2"; VariantName = "[No Variations]"
Add component (AddParameter): Name = "Number of Terminals"; Value = "2"; VariantName = "[No Variations]"
Add component (AddParameter): Name = "Output Current"; Value = "1A"; VariantName = "[No Variations]"
Add component (AddParameter): Name = "Packaging"; Value = "Tape and Reel"; VariantName = "[No Variations]"
Add component (AddParameter): Name = "Peak Non-Repetitive Surge Current"; Value = "50A"; VariantName = "[No Variations]"
Add component (AddParameter): Name = "Peak Reverse Current"; Value = "400µA"; VariantName = "[No Variations]"
Add component (AddParameter): Name = "Polarity"; Value = "Standard"; VariantName = "[No Variations]"
Add component (AddParameter): Name = "Pricing"; Value = "1=0.59, 10=0.364, 50=0.364, 100=0.232, 1000=0.156, 10000=0.104 (USD)"; VariantName = "[No Variations]"
Add component (AddParameter): Name = "Radiation Hardening"; Value = "No"; VariantName = "[No Variations]"
Add component (AddParameter): Name = "REACH SVHC"; Value = "No"; VariantName = "[No Variations]"
Add component (AddParameter): Name = "Reverse Standoff Voltage"; Value = "20V"; VariantName = "[No Variations]"
Add component (AddParameter): Name = "RoHS"; Value = "Compliant"; VariantName = "[No Variations]"
Add component (AddParameter): Name = "Schedule B"; Value = "8541100080"; VariantName = "[No Variations]"
Add component (AddParameter): Name = "Stock"; Value = "5212"; VariantName = "[No Variations]"
Add component (AddParameter): Name = "Supplier 1"; Value = "Mouser"; VariantName = "[No Variations]"
Add component (AddParameter): Name = "Supplier Part Number 1"; Value = "863-MBR120LSFT1G"; VariantName = "[No Variations]"
Add component (AddParameter): Name = "Voltage Rating (DC)"; Value = "20V"; VariantName = "[No Variations]"
Add component (AddParameter): Name = "Width"; Value = "1.8mm"; VariantName = "[No Variations]"
Added Component: Designator=Q?(SOT-25-3)
Add component (AddParameter): Name = "Case/Package"; Value = "TO-236-3"; VariantName = "[No Variations]"
Add component (AddParameter): Name = "Category"; Value = "MOSFETs"; VariantName = "[No Variations]"
Add component (AddParameter): Name = "China RoHS"; Value = "Compliant"; VariantName = "[No Variations]"
Add component (AddParameter): Name = "Contact Plating"; Value = "Tin"; VariantName = "[No Variations]"
Add component (AddParameter): Name = "Continuous Drain Current (ID)"; Value = "1.6A"; VariantName = "[No Variations]"
Add component (AddParameter): Name = "Country of Origin"; Value = "Philippines"; VariantName = "[No Variations]"
Add component (AddParameter): Name = "Current Rating"; Value = "-1.6A"; VariantName = "[No Variations]"
Add component (AddParameter): Name = "Description 1"; Value = "P-Channel PowerTrench® MOSFET, 2.5V Specified, -20V, -1.6A, 115mO"; VariantName = "[No Variations]"
Add component (AddParameter): Name = "Drain to Source Breakdown Voltage"; Value = "-20V"; VariantName = "[No Variations]"
Add component (AddParameter): Name = "Drain to Source Resistance"; Value = "115mO"; VariantName = "[No Variations]"
Add component (AddParameter): Name = "Drain to Source Voltage (Vdss)"; Value = "-20V"; VariantName = "[No Variations]"
Add component (AddParameter): Name = "Element Configuration"; Value = "Single"; VariantName = "[No Variations]"
Add component (AddParameter): Name = "Export Control Classification Number (ECCN) Code"; Value = "EAR99"; VariantName = "[No Variations]"
Add component (AddParameter): Name = "Fall Time"; Value = "11ns"; VariantName = "[No Variations]"
Add component (AddParameter): Name = "Gate to Source Voltage (Vgs)"; Value = "8V"; VariantName = "[No Variations]"
Add component (AddParameter): Name = "Harmonized Tariff Schedule (HTS) Code"; Value = "8541.21.00.95"; VariantName = "[No Variations]"
Add component (AddParameter): Name = "Height"; Value = "1.22mm"; VariantName = "[No Variations]"
Add component (AddParameter): Name = "Input Capacitance"; Value = "451pF"; VariantName = "[No Variations]"
Add component (AddParameter): Name = "Introduction Date"; Value = "1997-06-01"; VariantName = "[No Variations]"
Add component (AddParameter): Name = "Lead Free"; Value = "Lead Free"; VariantName = "[No Variations]"
Add component (AddParameter): Name = "Lifecycle Status"; Value = "Production"; VariantName = "[No Variations]"
Add component (AddParameter): Name = "Manufacturer 1"; Value = "onsemi"; VariantName = "[No Variations]"
Add component (AddParameter): Name = "Manufacturer Lifecycle Status"; Value = "ACTIVE"; VariantName = "[No Variations]"
Add component (AddParameter): Name = "Manufacturer Part Number"; Value = "FDN338P"; VariantName = "[No Variations]"
Add component (AddParameter): Name = "Max Junction Temperature (Tj)"; Value = "150°C"; VariantName = "[No Variations]"
Add component (AddParameter): Name = "Max Operating Temperature"; Value = "150°C"; VariantName = "[No Variations]"
Add component (AddParameter): Name = "Max Power Dissipation"; Value = "500mW"; VariantName = "[No Variations]"
Add component (AddParameter): Name = "Min Breakdown Voltage"; Value = "20V"; VariantName = "[No Variations]"
Add component (AddParameter): Name = "Min Operating Temperature"; Value = "-55°C"; VariantName = "[No Variations]"
Add component (AddParameter): Name = "Mount"; Value = "Surface Mount"; VariantName = "[No Variations]"
Add component (AddParameter): Name = "Nominal Vgs"; Value = "-800mV"; VariantName = "[No Variations]"
Add component (AddParameter): Name = "Number of Channels"; Value = "1"; VariantName = "[No Variations]"
Add component (AddParameter): Name = "Number of Elements"; Value = "1"; VariantName = "[No Variations]"
Add component (AddParameter): Name = "Number of Pins"; Value = "3"; VariantName = "[No Variations]"
Add component (AddParameter): Name = "Number of Terminals"; Value = "3"; VariantName = "[No Variations]"
Add component (AddParameter): Name = "Packaging"; Value = "Cut Tape"; VariantName = "[No Variations]"
Add component (AddParameter): Name = "Power Dissipation"; Value = "500mW"; VariantName = "[No Variations]"
Add component (AddParameter): Name = "Pricing"; Value = "1=1.24, 10=0.857, 50=0.857, 100=0.542, 1000=0.248, 10000=0.22 (USD)"; VariantName = "[No Variations]"
Add component (AddParameter): Name = "Radiation Hardening"; Value = "No"; VariantName = "[No Variations]"
Add component (AddParameter): Name = "Rds On Max"; Value = "115mO"; VariantName = "[No Variations]"
Add component (AddParameter): Name = "REACH SVHC"; Value = "Yes"; VariantName = "[No Variations]"
Add component (AddParameter): Name = "Resistance"; Value = "115mO"; VariantName = "[No Variations]"
Add component (AddParameter): Name = "Rise Time"; Value = "11ns"; VariantName = "[No Variations]"
Add component (AddParameter): Name = "RoHS"; Value = "Compliant"; VariantName = "[No Variations]"
Add component (AddParameter): Name = "Stock"; Value = "1459"; VariantName = "[No Variations]"
Add component (AddParameter): Name = "Supplier 1"; Value = "Mouser"; VariantName = "[No Variations]"
Add component (AddParameter): Name = "Supplier Part Number 1"; Value = "512-FDN338P"; VariantName = "[No Variations]"
Add component (AddParameter): Name = "Threshold Voltage"; Value = "-800mV"; VariantName = "[No Variations]"
Add component (AddParameter): Name = "Turn-Off Delay Time"; Value = "16ns"; VariantName = "[No Variations]"
Add component (AddParameter): Name = "Turn-On Delay Time"; Value = "10ns"; VariantName = "[No Variations]"
Add component (AddParameter): Name = "Voltage Rating (DC)"; Value = "-20V"; VariantName = "[No Variations]"
Add component (AddParameter): Name = "Weight"; Value = "30mg"; VariantName = "[No Variations]"
Add component (AddParameter): Name = "Width"; Value = "3.05mm"; VariantName = "[No Variations]"
Added Component: Designator=R?(RES0603)
Add component (AddParameter): Name = "Case/Package"; Value = "0603"; VariantName = "[No Variations]"
Add component (AddParameter): Name = "Category"; Value = "Chip SMD Resistors"; VariantName = "[No Variations]"
Add component (AddParameter): Name = "Lead Free"; Value = "Lead Free"; VariantName = "[No Variations]"
Add component (AddParameter): Name = "Manufacturer"; Value = "Yageo"; VariantName = "[No Variations]"
Add component (AddParameter): Name = "Manufacturer Part Number"; Value = "RC0603JR-0710KL"; VariantName = "[No Variations]"
Add component (AddParameter): Name = "Max Operating Temperature"; Value = "155°C"; VariantName = "[No Variations]"
Add component (AddParameter): Name = "Max Power Dissipation"; Value = "100mW"; VariantName = "[No Variations]"
Add component (AddParameter): Name = "Min Operating Temperature"; Value = "-55°C"; VariantName = "[No Variations]"
Add component (AddParameter): Name = "Number of Terminations"; Value = "2"; VariantName = "[No Variations]"
Add component (AddParameter): Name = "Pricing 1"; Value = "1=0.1, 10=0.008, 50=0.008, 100=0.006, 1000=0.005, 10000=0.002 (USD)"; VariantName = "[No Variations]"
Add component (AddParameter): Name = "Reach SVHC Compliant"; Value = "Unknown"; VariantName = "[No Variations]"
Add component (AddParameter): Name = "Resistance"; Value = "10kR"; VariantName = "[No Variations]"
Add component (AddParameter): Name = "RoHS"; Value = "Yes"; VariantName = "[No Variations]"
Add component (AddParameter): Name = "RoHS Compliant"; Value = "Yes"; VariantName = "[No Variations]"
Add component (AddParameter): Name = "Series"; Value = "RC"; VariantName = "[No Variations]"
Add component (AddParameter): Name = "Stock 1"; Value = "1469517"; VariantName = "[No Variations]"
Add component (AddParameter): Name = "Supplier 1"; Value = "Mouser"; VariantName = "[No Variations]"
Add component (AddParameter): Name = "Temperature Coefficient"; Value = "100ppm/°C"; VariantName = "[No Variations]"
Add component (AddParameter): Name = "Tolerance"; Value = "5%"; VariantName = "[No Variations]"
Add component (AddParameter): Name = "Voltage Rating (AC)"; Value = "50V"; VariantName = "[No Variations]"
Added Pin To Net: NetName=5V Pin=D?-1
Added Pin To Net: NetName=VUSB Pin=D?-2
Added Pin To Net: NetName=5V Pin=J9-1
Added Pin To Net: NetName=VUSB Pin=Q?-1
Added Pin To Net: NetName=5V Pin=Q?-2
Added Pin To Net: NetName=VUSB Pin=R?-1
Added Pin To Net: NetName=GND Pin=R?-2
Change Net Name : Old Net Name=5V New Net Name=5V_SYS
Added Pin To Net: NetName=5V Pin=C9-2
Added Pin To Net: NetName=5V Pin=C10-2
Added Pin To Net: NetName=5V Pin=L1-2
Added Pin To Net: NetName=5V Pin=R7-2
Added Pin To Net: NetName=5V Pin=Q?-3
Added Net: Name=5V
Added Member To Class: ClassName=POWER Member=Component D? MBR120LSFT1
Added Member To Class: ClassName=POWER Member=Component Q? FDN338P
Added Member To Class: ClassName=POWER Member=Component R? 10KO
