Change Component Designator: OldDesignator=C9 NewDesignator=C7
Change Component Designator: OldDesignator=C10 NewDesignator=C8
Change Component Designator: OldDesignator=C11 NewDesignator=C9
Change Component Designator: OldDesignator=C12 NewDesignator=C10
Change Component Designator: OldDesignator=C13 NewDesignator=C11
Change Component Designator: OldDesignator=C14 NewDesignator=C12
Change Component Designator: OldDesignator=C15 NewDesignator=C13
Change Component Designator: OldDesignator=C16 NewDesignator=C14
Change Component Designator: OldDesignator=C17 NewDesignator=C15
Change Component Designator: OldDesignator=C18 NewDesignator=C16
Change Component Designator: OldDesignator=C19 NewDesignator=C17
Change Component Designator: OldDesignator=C20 NewDesignator=C18
Change Component Designator: OldDesignator=C21 NewDesignator=C19
Change Component Designator: OldDesignator=C22 NewDesignator=C20
Change Component Designator: OldDesignator=C23 NewDesignator=C21
Change Component Designator: OldDesignator=C24 NewDesignator=C22
Change Component Designator: OldDesignator=C25 NewDesignator=C23
Change Component Designator: OldDesignator=R6 NewDesignator=R5
Change Component Designator: OldDesignator=R7 NewDesignator=R6
Change Component Designator: OldDesignator=R8 NewDesignator=R7
Change Component Designator: OldDesignator=R9 NewDesignator=R8
Change Component Designator: OldDesignator=R10 NewDesignator=R9
Change Component Designator: OldDesignator=R11 NewDesignator=R10
Change Component Designator: OldDesignator=R12 NewDesignator=R11
Change Component Designator: OldDesignator=R13 NewDesignator=R12
Change Component Designator: OldDesignator=R14 NewDesignator=R13
Change Component Designator: OldDesignator=R15 NewDesignator=R14
Change Component Designator: OldDesignator=U? NewDesignator=U1
Add Component: Footprint Not Found JUMPER 2 PADS
Add Pin To Net: Unknown Pin: Pin JP1-1
Add Pin To Net: Unknown Pin: Pin MH1-5
Add Pin To Net: Unknown Pin: Pin MH2-5
Add Pin To Net: Unknown Pin: Pin MH3-5
Add Pin To Net: Unknown Pin: Pin MH4-5
Change Net Name : Old Net Name=NetC9_1 New Net Name=NetC7_1
Change Net Name : Old Net Name=NetC9_2 New Net Name=NetC7_2
Change Net Name : Old Net Name=NetR6_1 New Net Name=NetR5_1
Change Net Name : Old Net Name=NetR9_1 New Net Name=NetR8_1
Change Net Name : Old Net Name=NetR11_2 New Net Name=NetR10_2
Change Net Name : Old Net Name=NetR14_2 New Net Name=NetR13_2
Change Net Name : Old Net Name=NetR15_2 New Net Name=NetR14_2
Added Net: Name=NetJP1_A
Add Class Member: Failed to add class member : Component JP1 BOOT0
