Add Component: Footprint Not Found CAP0603
Add Component: Footprint Not Found CAP0603
Add Component: Footprint Not Found CAP0603
Add Component: Footprint Not Found CAP0603
Add Component: Footprint Not Found CAP0603
Add Component: Footprint Not Found CAP0603
Add Component: Footprint Not Found CAP0603
Add Component: Footprint Not Found CAP0603
Add Component: Footprint Not Found CAP0603
Add Component: Footprint Not Found CAP0603
Add Component: Footprint Not Found CAP0603
Add Component: Footprint Not Found CAP0603
Add Component: Footprint Not Found CAP0603
Add Component: Footprint Not Found CAP0603
Add Component: Footprint Not Found CAP0603
Add Component: Footprint Not Found CAP0603
Add Component: Footprint Not Found CAP0805
Add Component: Footprint Not Found CAP0805
Add Component: Footprint Not Found CAP0805
Add Component: Footprint Not Found CAP0603
Add Component: Footprint Not Found CAP0603
Add Component: Footprint Not Found CAP0603
Add Component: Footprint Not Found CAP0805
Add Component: Footprint Not Found CAP0805
Add Component: Footprint Not Found CAP0805
Add Component: Footprint Not Found LED RGB FM-B2020RGBA-HG
Add Component: Footprint Not Found SOD-323-2
Add Component: Footprint Not Found LED0603 RED
Add Component: Footprint Not Found LED0603 BLUE
Add Component: Footprint Not Found 218-4LPSTR
Add Component: Footprint Not Found PINHEADER SENSOR CONNECTOR 3X
Add Component: Footprint Not Found PINHEADER SENSOR CONNECTOR 3X
Add Component: Footprint Not Found PINHEADER SENSOR CONNECTOR 3X
Add Component: Footprint Not Found PINHEADER SENSOR CONNECTOR 3X
Add Component: Footprint Not Found PINHEADER SENSOR CONNECTOR 3X
Add Component: Footprint Not Found PINHEADER SENSOR CONNECTOR 3X
Add Component: Footprint Not Found PINHEADER SENSOR CONNECTOR 3X
Add Component: Footprint Not Found PINHEADER SENSOR CONNECTOR 3X
Add Component: Footprint Not Found JTAG
Add Component: Footprint Not Found ING. MAKER RTT
Add Component: Footprint Not Found BATTERY CONNECTOR
Add Component: Footprint Not Found MOTOR CONN
Add Component: Footprint Not Found MOTOR CONN
Add Component: Footprint Not Found JUMPER 3 PADS
Add Component: Footprint Not Found JUMPER 3 PADS
Add Component: Footprint Not Found JUMPER 2 PADS
Add Component: Footprint Not Found INDUCTOR 4mm x 4mm x 2mm
Add Component: Footprint Not Found HOLE 3.1mm
Add Component: Footprint Not Found HOLE 3.1mm
Add Component: Footprint Not Found HOLE 3.1mm
Add Component: Footprint Not Found HOLE 3.1mm
Add Component: Footprint Not Found SOIC-8
Add Component: Footprint Not Found RES0603
Add Component: Footprint Not Found RES0603
Add Component: Footprint Not Found RES0603
Add Component: Footprint Not Found RES0603
Add Component: Footprint Not Found RES0603
Add Component: Footprint Not Found RES0603
Add Component: Footprint Not Found RES0603
Add Component: Footprint Not Found RES0603
Add Component: Footprint Not Found RES0603
Add Component: Footprint Not Found RES0603
Add Component: Footprint Not Found RES0603
Add Component: Footprint Not Found RES0603
Add Component: Footprint Not Found RES0603
Add Component: Footprint Not Found RES0603
Add Component: Footprint Not Found RES0603
Add Component: Footprint Not Found PTS810SJK250SMTRLFS
Add Component: Footprint Not Found PTS810SJK250SMTRLFS
Add Component: Footprint Not Found SS12D00
Add Component: Footprint Not Found LQFP-48
Add Component: Footprint Not Found SOT23-6
Add Component: Footprint Not Found HSOP8 EP
Add Component: Footprint Not Found SOT25-5
Add Component: Footprint Not Found HSOP8 EP
Add Component: Footprint Not Found CRYSTAL 5mm X 3.2mm 830106162701
Add Pin To Net: Unknown Pin: Pin C1-1
Add Pin To Net: Unknown Pin: Pin C1-2
Add Pin To Net: Unknown Pin: Pin C2-1
Add Pin To Net: Unknown Pin: Pin C2-2
Add Pin To Net: Unknown Pin: Pin C3-1
Add Pin To Net: Unknown Pin: Pin C3-2
Add Pin To Net: Unknown Pin: Pin C4-1
Add Pin To Net: Unknown Pin: Pin C4-2
Add Pin To Net: Unknown Pin: Pin C5-1
Add Pin To Net: Unknown Pin: Pin C5-2
Add Pin To Net: Unknown Pin: Pin C6-1
Add Pin To Net: Unknown Pin: Pin C6-2
Add Pin To Net: Unknown Pin: Pin C7-1
Add Pin To Net: Unknown Pin: Pin C7-2
Add Pin To Net: Unknown Pin: Pin C8-1
Add Pin To Net: Unknown Pin: Pin C8-2
Add Pin To Net: Unknown Pin: Pin C9-1
Add Pin To Net: Unknown Pin: Pin C9-2
Add Pin To Net: Unknown Pin: Pin C10-1
Add Pin To Net: Unknown Pin: Pin C10-2
Add Pin To Net: Unknown Pin: Pin C11-1
Add Pin To Net: Unknown Pin: Pin C11-2
Add Pin To Net: Unknown Pin: Pin C12-1
Add Pin To Net: Unknown Pin: Pin C12-2
Add Pin To Net: Unknown Pin: Pin C13-1
Add Pin To Net: Unknown Pin: Pin C13-2
Add Pin To Net: Unknown Pin: Pin C14-1
Add Pin To Net: Unknown Pin: Pin C14-2
Add Pin To Net: Unknown Pin: Pin C15-1
Add Pin To Net: Unknown Pin: Pin C15-2
Add Pin To Net: Unknown Pin: Pin C16-1
Add Pin To Net: Unknown Pin: Pin C16-2
Add Pin To Net: Unknown Pin: Pin C17-1
Add Pin To Net: Unknown Pin: Pin C17-2
Add Pin To Net: Unknown Pin: Pin C18-1
Add Pin To Net: Unknown Pin: Pin C18-2
Add Pin To Net: Unknown Pin: Pin C19-1
Add Pin To Net: Unknown Pin: Pin C19-2
Add Pin To Net: Unknown Pin: Pin C20-1
Add Pin To Net: Unknown Pin: Pin C20-2
Add Pin To Net: Unknown Pin: Pin C21-1
Add Pin To Net: Unknown Pin: Pin C21-2
Add Pin To Net: Unknown Pin: Pin C22-1
Add Pin To Net: Unknown Pin: Pin C22-2
Add Pin To Net: Unknown Pin: Pin C23-1
Add Pin To Net: Unknown Pin: Pin C23-2
Add Pin To Net: Unknown Pin: Pin C24-1
Add Pin To Net: Unknown Pin: Pin C24-2
Add Pin To Net: Unknown Pin: Pin C25-1
Add Pin To Net: Unknown Pin: Pin C25-2
Add Pin To Net: Unknown Pin: Pin D1-1
Add Pin To Net: Unknown Pin: Pin D1-2
Add Pin To Net: Unknown Pin: Pin D1-3
Add Pin To Net: Unknown Pin: Pin D1-4
Add Pin To Net: Unknown Pin: Pin D2-1
Add Pin To Net: Unknown Pin: Pin D2-2
Add Pin To Net: Unknown Pin: Pin D3-1
Add Pin To Net: Unknown Pin: Pin D3-2
Add Pin To Net: Unknown Pin: Pin D4-1
Add Pin To Net: Unknown Pin: Pin D4-2
Add Pin To Net: Unknown Pin: Pin DP1-1
Add Pin To Net: Unknown Pin: Pin DP1-2
Add Pin To Net: Unknown Pin: Pin DP1-3
Add Pin To Net: Unknown Pin: Pin DP1-4
Add Pin To Net: Unknown Pin: Pin DP1-5
Add Pin To Net: Unknown Pin: Pin DP1-6
Add Pin To Net: Unknown Pin: Pin DP1-7
Add Pin To Net: Unknown Pin: Pin DP1-8
Add Pin To Net: Unknown Pin: Pin J1-2
Add Pin To Net: Unknown Pin: Pin J1-3
Add Pin To Net: Unknown Pin: Pin J1-4
Add Pin To Net: Unknown Pin: Pin J2-2
Add Pin To Net: Unknown Pin: Pin J2-3
Add Pin To Net: Unknown Pin: Pin J2-4
Add Pin To Net: Unknown Pin: Pin J3-2
Add Pin To Net: Unknown Pin: Pin J3-3
Add Pin To Net: Unknown Pin: Pin J3-4
Add Pin To Net: Unknown Pin: Pin J4-2
Add Pin To Net: Unknown Pin: Pin J4-3
Add Pin To Net: Unknown Pin: Pin J4-4
Add Pin To Net: Unknown Pin: Pin J5-2
Add Pin To Net: Unknown Pin: Pin J5-3
Add Pin To Net: Unknown Pin: Pin J5-4
Add Pin To Net: Unknown Pin: Pin J6-2
Add Pin To Net: Unknown Pin: Pin J6-3
Add Pin To Net: Unknown Pin: Pin J6-4
Add Pin To Net: Unknown Pin: Pin J7-2
Add Pin To Net: Unknown Pin: Pin J7-3
Add Pin To Net: Unknown Pin: Pin J7-4
Add Pin To Net: Unknown Pin: Pin J8-2
Add Pin To Net: Unknown Pin: Pin J8-3
Add Pin To Net: Unknown Pin: Pin J8-4
Add Pin To Net: Unknown Pin: Pin J9-1
Add Pin To Net: Unknown Pin: Pin J9-2
Add Pin To Net: Unknown Pin: Pin J9-3
Add Pin To Net: Unknown Pin: Pin J9-4
Add Pin To Net: Unknown Pin: Pin J10-1
Add Pin To Net: Unknown Pin: Pin J10-2
Add Pin To Net: Unknown Pin: Pin J10-3
Add Pin To Net: Unknown Pin: Pin J11-1
Add Pin To Net: Unknown Pin: Pin J11-2
Add Pin To Net: Unknown Pin: Pin J12-1
Add Pin To Net: Unknown Pin: Pin J12-2
Add Pin To Net: Unknown Pin: Pin J13-1
Add Pin To Net: Unknown Pin: Pin J13-2
Add Pin To Net: Unknown Pin: Pin JP1-1
Add Pin To Net: Unknown Pin: Pin JP1-2
Add Pin To Net: Unknown Pin: Pin JP1-3
Add Pin To Net: Unknown Pin: Pin JP2-1
Add Pin To Net: Unknown Pin: Pin JP2-2
Add Pin To Net: Unknown Pin: Pin JP2-3
Add Pin To Net: Unknown Pin: Pin JP3-1
Add Pin To Net: Unknown Pin: Pin JP3-2
Add Pin To Net: Unknown Pin: Pin L1-1
Add Pin To Net: Unknown Pin: Pin L1-2
Add Pin To Net: Unknown Pin: Pin MH1-5
Add Pin To Net: Unknown Pin: Pin MH2-5
Add Pin To Net: Unknown Pin: Pin MH3-5
Add Pin To Net: Unknown Pin: Pin MH4-5
Add Pin To Net: Unknown Pin: Pin Q1-1
Add Pin To Net: Unknown Pin: Pin Q1-2
Add Pin To Net: Unknown Pin: Pin Q1-3
Add Pin To Net: Unknown Pin: Pin Q1-4
Add Pin To Net: Unknown Pin: Pin Q1-5
Add Pin To Net: Unknown Pin: Pin Q1-6
Add Pin To Net: Unknown Pin: Pin Q1-7
Add Pin To Net: Unknown Pin: Pin Q1-8
Add Pin To Net: Unknown Pin: Pin R1-1
Add Pin To Net: Unknown Pin: Pin R1-2
Add Pin To Net: Unknown Pin: Pin R2-1
Add Pin To Net: Unknown Pin: Pin R2-2
Add Pin To Net: Unknown Pin: Pin R3-1
Add Pin To Net: Unknown Pin: Pin R3-2
Add Pin To Net: Unknown Pin: Pin R4-1
Add Pin To Net: Unknown Pin: Pin R4-2
Add Pin To Net: Unknown Pin: Pin R5-1
Add Pin To Net: Unknown Pin: Pin R5-2
Add Pin To Net: Unknown Pin: Pin R6-1
Add Pin To Net: Unknown Pin: Pin R6-2
Add Pin To Net: Unknown Pin: Pin R7-1
Add Pin To Net: Unknown Pin: Pin R7-2
Add Pin To Net: Unknown Pin: Pin R8-1
Add Pin To Net: Unknown Pin: Pin R8-2
Add Pin To Net: Unknown Pin: Pin R9-1
Add Pin To Net: Unknown Pin: Pin R9-2
Add Pin To Net: Unknown Pin: Pin R10-1
Add Pin To Net: Unknown Pin: Pin R10-2
Add Pin To Net: Unknown Pin: Pin R11-1
Add Pin To Net: Unknown Pin: Pin R11-2
Add Pin To Net: Unknown Pin: Pin R12-1
Add Pin To Net: Unknown Pin: Pin R12-2
Add Pin To Net: Unknown Pin: Pin R13-1
Add Pin To Net: Unknown Pin: Pin R13-2
Add Pin To Net: Unknown Pin: Pin R14-1
Add Pin To Net: Unknown Pin: Pin R14-2
Add Pin To Net: Unknown Pin: Pin R15-1
Add Pin To Net: Unknown Pin: Pin R15-2
Add Pin To Net: Unknown Pin: Pin SW1-1
Add Pin To Net: Unknown Pin: Pin SW1-2
Add Pin To Net: Unknown Pin: Pin SW1-3
Add Pin To Net: Unknown Pin: Pin SW1-4
Add Pin To Net: Unknown Pin: Pin SW2-1
Add Pin To Net: Unknown Pin: Pin SW2-2
Add Pin To Net: Unknown Pin: Pin SW2-3
Add Pin To Net: Unknown Pin: Pin SW2-4
Add Pin To Net: Unknown Pin: Pin SW3-1
Add Pin To Net: Unknown Pin: Pin SW3-2
Add Pin To Net: Unknown Pin: Pin U1-1
Add Pin To Net: Unknown Pin: Pin U1-5
Add Pin To Net: Unknown Pin: Pin U1-6
Add Pin To Net: Unknown Pin: Pin U1-7
Add Pin To Net: Unknown Pin: Pin U1-8
Add Pin To Net: Unknown Pin: Pin U1-9
Add Pin To Net: Unknown Pin: Pin U1-10
Add Pin To Net: Unknown Pin: Pin U1-11
Add Pin To Net: Unknown Pin: Pin U1-12
Add Pin To Net: Unknown Pin: Pin U1-13
Add Pin To Net: Unknown Pin: Pin U1-19
Add Pin To Net: Unknown Pin: Pin U1-23
Add Pin To Net: Unknown Pin: Pin U1-24
Add Pin To Net: Unknown Pin: Pin U1-25
Add Pin To Net: Unknown Pin: Pin U1-26
Add Pin To Net: Unknown Pin: Pin U1-27
Add Pin To Net: Unknown Pin: Pin U1-28
Add Pin To Net: Unknown Pin: Pin U1-29
Add Pin To Net: Unknown Pin: Pin U1-30
Add Pin To Net: Unknown Pin: Pin U1-31
Add Pin To Net: Unknown Pin: Pin U1-32
Add Pin To Net: Unknown Pin: Pin U1-33
Add Pin To Net: Unknown Pin: Pin U1-34
Add Pin To Net: Unknown Pin: Pin U1-35
Add Pin To Net: Unknown Pin: Pin U1-36
Add Pin To Net: Unknown Pin: Pin U1-37
Add Pin To Net: Unknown Pin: Pin U1-38
Add Pin To Net: Unknown Pin: Pin U1-39
Add Pin To Net: Unknown Pin: Pin U1-40
Add Pin To Net: Unknown Pin: Pin U1-41
Add Pin To Net: Unknown Pin: Pin U1-42
Add Pin To Net: Unknown Pin: Pin U1-43
Add Pin To Net: Unknown Pin: Pin U1-44
Add Pin To Net: Unknown Pin: Pin U1-45
Add Pin To Net: Unknown Pin: Pin U1-46
Add Pin To Net: Unknown Pin: Pin U1-47
Add Pin To Net: Unknown Pin: Pin U1-48
Add Pin To Net: Unknown Pin: Pin U2-1
Add Pin To Net: Unknown Pin: Pin U2-2
Add Pin To Net: Unknown Pin: Pin U2-3
Add Pin To Net: Unknown Pin: Pin U2-4
Add Pin To Net: Unknown Pin: Pin U2-5
Add Pin To Net: Unknown Pin: Pin U2-6
Add Pin To Net: Unknown Pin: Pin U3-1
Add Pin To Net: Unknown Pin: Pin U3-2
Add Pin To Net: Unknown Pin: Pin U3-3
Add Pin To Net: Unknown Pin: Pin U3-4
Add Pin To Net: Unknown Pin: Pin U3-5
Add Pin To Net: Unknown Pin: Pin U3-6
Add Pin To Net: Unknown Pin: Pin U3-7
Add Pin To Net: Unknown Pin: Pin U3-8
Add Pin To Net: Unknown Pin: Pin U3-9
Add Pin To Net: Unknown Pin: Pin U4-1
Add Pin To Net: Unknown Pin: Pin U4-2
Add Pin To Net: Unknown Pin: Pin U4-3
Add Pin To Net: Unknown Pin: Pin U4-5
Add Pin To Net: Unknown Pin: Pin U5-1
Add Pin To Net: Unknown Pin: Pin U5-2
Add Pin To Net: Unknown Pin: Pin U5-3
Add Pin To Net: Unknown Pin: Pin U5-4
Add Pin To Net: Unknown Pin: Pin U5-5
Add Pin To Net: Unknown Pin: Pin U5-6
Add Pin To Net: Unknown Pin: Pin U5-7
Add Pin To Net: Unknown Pin: Pin U5-8
Add Pin To Net: Unknown Pin: Pin U5-9
Add Pin To Net: Unknown Pin: Pin Y1-1
Add Pin To Net: Unknown Pin: Pin Y1-2
Add Pin To Net: Unknown Pin: Pin Y1-3
Add Pin To Net: Unknown Pin: Pin Y1-4
Add Class Member: Failed to add class member : Component C1 0.1uF
Add Class Member: Failed to add class member : Component C2 0.1uF
Add Class Member: Failed to add class member : Component C3 0.1uF
Add Class Member: Failed to add class member : Component C4 0.1uF
Add Class Member: Failed to add class member : Component C5 1uF
Add Class Member: Failed to add class member : Component C6 1uF
Add Class Member: Failed to add class member : Component C7 C20pF
Add Class Member: Failed to add class member : Component C8 C20pF
Add Class Member: Failed to add class member : Component C9 0.1uF
Add Class Member: Failed to add class member : Component C10 10uF
Add Class Member: Failed to add class member : Component C11 10uF
Add Class Member: Failed to add class member : Component C12 1uF
Add Class Member: Failed to add class member : Component C13 1uF
Add Class Member: Failed to add class member : Component C14 1uF
Add Class Member: Failed to add class member : Component C15 0.1uF
Add Class Member: Failed to add class member : Component C16 0.1uF
Add Class Member: Failed to add class member : Component C17 C22uF
Add Class Member: Failed to add class member : Component C18 C22uF
Add Class Member: Failed to add class member : Component C19 C22uF
Add Class Member: Failed to add class member : Component C20 1uF
Add Class Member: Failed to add class member : Component C21 1uF
Add Class Member: Failed to add class member : Component C22 0.1uF
Add Class Member: Failed to add class member : Component C23 C22uF
Add Class Member: Failed to add class member : Component C24 C22uF
Add Class Member: Failed to add class member : Component C25 C22uF
Add Class Member: Failed to add class member : Component D1 RGB
Add Class Member: Failed to add class member : Component D2 BAT60JFILM
Add Class Member: Failed to add class member : Component D3 5V
Add Class Member: Failed to add class member : Component D4 3V3
Add Class Member: Failed to add class member : Component DP1 CONFIG
Add Class Member: Failed to add class member : Component J1 GENERIC SENSOR 3X
Add Class Member: Failed to add class member : Component J2 GENERIC SENSOR 3X
Add Class Member: Failed to add class member : Component J3 GENERIC SENSOR 3X
Add Class Member: Failed to add class member : Component J4 GENERIC SENSOR 3X
Add Class Member: Failed to add class member : Component J5 GENERIC SENSOR 3X
Add Class Member: Failed to add class member : Component J6 GENERIC SENSOR 3X
Add Class Member: Failed to add class member : Component J7 GENERIC SENSOR 3X
Add Class Member: Failed to add class member : Component J8 GENERIC SENSOR 3X
Add Class Member: Failed to add class member : Component J9 SW JTAG
Add Class Member: Failed to add class member : Component J10 RTT
Add Class Member: Failed to add class member : Component J11 LIPO
Add Class Member: Failed to add class member : Component J12 MOTOR CONN
Add Class Member: Failed to add class member : Component J13 MOTOR CONN
Add Class Member: Failed to add class member : Component JP1 JUMPER 2 WAYS
Add Class Member: Failed to add class member : Component JP2 JUMPER 2 WAYS
Add Class Member: Failed to add class member : Component JP3 BOOT0
Add Class Member: Failed to add class member : Component L1 6.8uH/1.9A
Add Class Member: Failed to add class member : Component MH1 HOLE 3.1mm
Add Class Member: Failed to add class member : Component MH2 HOLE 3.1mm
Add Class Member: Failed to add class member : Component MH3 HOLE 3.1mm
Add Class Member: Failed to add class member : Component MH4 HOLE 3.1mm
Add Class Member: Failed to add class member : Component Q1 30V/8A
Add Class Member: Failed to add class member : Component R1 18KO
Add Class Member: Failed to add class member : Component R2 10KO
Add Class Member: Failed to add class member : Component R3 10KO
Add Class Member: Failed to add class member : Component R4 10KO
Add Class Member: Failed to add class member : Component R5 1MO
Add Class Member: Failed to add class member : Component R6 88.7KO
Add Class Member: Failed to add class member : Component R7 1KO
Add Class Member: Failed to add class member : Component R8 10KO
Add Class Member: Failed to add class member : Component R9 10KO
Add Class Member: Failed to add class member : Component R10 22.1KO
Add Class Member: Failed to add class member : Component R11 47KO
Add Class Member: Failed to add class member : Component R12 4.7K
Add Class Member: Failed to add class member : Component R13 1KO
Add Class Member: Failed to add class member : Component R14 18KO
Add Class Member: Failed to add class member : Component R15 18KO
Add Class Member: Failed to add class member : Component SW1 RESET
Add Class Member: Failed to add class member : Component SW2 BUTTON1
Add Class Member: Failed to add class member : Component SW3 OFF/ON
Add Class Member: Failed to add class member : Component U1 STM32F103C8T6
Add Class Member: Failed to add class member : Component U2 LMR50410YQDBVRQ1
Add Class Member: Failed to add class member : Component U3 DRV8871DDA
Add Class Member: Failed to add class member : Component U4 AP2112K-3.3TRG1
Add Class Member: Failed to add class member : Component U5 DRV8871DDA
Add Class Member: Failed to add class member : Component Y1 8Mhz
